<title>Vdbench output/config.html</title><pre>
Output from script /home/akshat/vdbench/linux/config.sh: 

stderr: /home/akshat/vdbench/linux/config.sh: line 17: ifconfig: command not found
Sunday 13 November 2022 11:40:55 PM IST
>>>>>uname -a
Linux akshat-VirtualBox 5.15.0-52-generic #58~20.04.1-Ubuntu SMP Thu Oct 13 13:09:46 UTC 2022 x86_64 x86_64 x86_64 GNU/Linux
Sunday 13 November 2022 11:40:55 PM IST
>>>>>ifconfig -a
Sunday 13 November 2022 11:40:55 PM IST
>>>>>id
uid=0(root) gid=0(root) groups=0(root)
Sunday 13 November 2022 11:40:55 PM IST
>>>>>mount
sysfs on /sys type sysfs (rw,nosuid,nodev,noexec,relatime)
proc on /proc type proc (rw,nosuid,nodev,noexec,relatime)
udev on /dev type devtmpfs (rw,nosuid,noexec,relatime,size=1970388k,nr_inodes=492597,mode=755,inode64)
devpts on /dev/pts type devpts (rw,nosuid,noexec,relatime,gid=5,mode=620,ptmxmode=000)
tmpfs on /run type tmpfs (rw,nosuid,nodev,noexec,relatime,size=401776k,mode=755,inode64)
/dev/sda5 on / type ext4 (rw,relatime,errors=remount-ro)
securityfs on /sys/kernel/security type securityfs (rw,nosuid,nodev,noexec,relatime)
tmpfs on /dev/shm type tmpfs (rw,nosuid,nodev,inode64)
tmpfs on /run/lock type tmpfs (rw,nosuid,nodev,noexec,relatime,size=5120k,inode64)
tmpfs on /sys/fs/cgroup type tmpfs (ro,nosuid,nodev,noexec,mode=755,inode64)
cgroup2 on /sys/fs/cgroup/unified type cgroup2 (rw,nosuid,nodev,noexec,relatime,nsdelegate)
cgroup on /sys/fs/cgroup/systemd type cgroup (rw,nosuid,nodev,noexec,relatime,xattr,name=systemd)
pstore on /sys/fs/pstore type pstore (rw,nosuid,nodev,noexec,relatime)
bpf on /sys/fs/bpf type bpf (rw,nosuid,nodev,noexec,relatime,mode=700)
cgroup on /sys/fs/cgroup/blkio type cgroup (rw,nosuid,nodev,noexec,relatime,blkio)
cgroup on /sys/fs/cgroup/memory type cgroup (rw,nosuid,nodev,noexec,relatime,memory)
cgroup on /sys/fs/cgroup/net_cls,net_prio type cgroup (rw,nosuid,nodev,noexec,relatime,net_cls,net_prio)
cgroup on /sys/fs/cgroup/misc type cgroup (rw,nosuid,nodev,noexec,relatime,misc)
cgroup on /sys/fs/cgroup/cpu,cpuacct type cgroup (rw,nosuid,nodev,noexec,relatime,cpu,cpuacct)
cgroup on /sys/fs/cgroup/perf_event type cgroup (rw,nosuid,nodev,noexec,relatime,perf_event)
cgroup on /sys/fs/cgroup/rdma type cgroup (rw,nosuid,nodev,noexec,relatime,rdma)
cgroup on /sys/fs/cgroup/devices type cgroup (rw,nosuid,nodev,noexec,relatime,devices)
cgroup on /sys/fs/cgroup/hugetlb type cgroup (rw,nosuid,nodev,noexec,relatime,hugetlb)
cgroup on /sys/fs/cgroup/cpuset type cgroup (rw,nosuid,nodev,noexec,relatime,cpuset)
cgroup on /sys/fs/cgroup/freezer type cgroup (rw,nosuid,nodev,noexec,relatime,freezer)
cgroup on /sys/fs/cgroup/pids type cgroup (rw,nosuid,nodev,noexec,relatime,pids)
systemd-1 on /proc/sys/fs/binfmt_misc type autofs (rw,relatime,fd=28,pgrp=1,timeout=0,minproto=5,maxproto=5,direct,pipe_ino=17653)
mqueue on /dev/mqueue type mqueue (rw,nosuid,nodev,noexec,relatime)
hugetlbfs on /dev/hugepages type hugetlbfs (rw,relatime,pagesize=2M)
debugfs on /sys/kernel/debug type debugfs (rw,nosuid,nodev,noexec,relatime)
tracefs on /sys/kernel/tracing type tracefs (rw,nosuid,nodev,noexec,relatime)
fusectl on /sys/fs/fuse/connections type fusectl (rw,nosuid,nodev,noexec,relatime)
configfs on /sys/kernel/config type configfs (rw,nosuid,nodev,noexec,relatime)
binfmt_misc on /proc/sys/fs/binfmt_misc type binfmt_misc (rw,nosuid,nodev,noexec,relatime)
/dev/sda1 on /boot/efi type vfat (rw,relatime,fmask=0077,dmask=0077,codepage=437,iocharset=iso8859-1,shortname=mixed,errors=remount-ro)
/var/lib/snapd/snaps/bare_5.snap on /snap/bare/5 type squashfs (ro,nodev,relatime,errors=continue,x-gdu.hide)
/var/lib/snapd/snaps/core20_1328.snap on /snap/core20/1328 type squashfs (ro,nodev,relatime,errors=continue,x-gdu.hide)
/var/lib/snapd/snaps/gtk-common-themes_1535.snap on /snap/gtk-common-themes/1535 type squashfs (ro,nodev,relatime,errors=continue,x-gdu.hide)
/var/lib/snapd/snaps/gtk-common-themes_1519.snap on /snap/gtk-common-themes/1519 type squashfs (ro,nodev,relatime,errors=continue,x-gdu.hide)
/var/lib/snapd/snaps/gnome-3-38-2004_119.snap on /snap/gnome-3-38-2004/119 type squashfs (ro,nodev,relatime,errors=continue,x-gdu.hide)
/var/lib/snapd/snaps/gnome-3-38-2004_99.snap on /snap/gnome-3-38-2004/99 type squashfs (ro,nodev,relatime,errors=continue,x-gdu.hide)
/var/lib/snapd/snaps/core20_1695.snap on /snap/core20/1695 type squashfs (ro,nodev,relatime,errors=continue,x-gdu.hide)
/var/lib/snapd/snaps/snapd_17336.snap on /snap/snapd/17336 type squashfs (ro,nodev,relatime,errors=continue,x-gdu.hide)
/var/lib/snapd/snaps/snapd_14978.snap on /snap/snapd/14978 type squashfs (ro,nodev,relatime,errors=continue,x-gdu.hide)
/var/lib/snapd/snaps/snap-store_558.snap on /snap/snap-store/558 type squashfs (ro,nodev,relatime,errors=continue,x-gdu.hide)
/var/lib/snapd/snaps/snap-store_599.snap on /snap/snap-store/599 type squashfs (ro,nodev,relatime,errors=continue,x-gdu.hide)
tmpfs on /run/user/1000 type tmpfs (rw,nosuid,nodev,relatime,size=401772k,mode=700,uid=1000,gid=1000,inode64)
gvfsd-fuse on /run/user/1000/gvfs type fuse.gvfsd-fuse (rw,nosuid,nodev,relatime,user_id=1000,group_id=1000)
/dev/sr0 on /media/akshat/VBox_GAs_6.1.401 type iso9660 (ro,nosuid,nodev,relatime,nojoliet,check=s,map=n,blocksize=2048,uid=1000,gid=1000,dmode=500,fmode=400,iocharset=utf8,uhelper=udisks2)
/dev/fuse on /run/user/1000/doc type fuse (rw,nosuid,nodev,relatime,user_id=1000,group_id=1000)
tmpfs on /run/snapd/ns type tmpfs (rw,nosuid,nodev,noexec,relatime,size=401776k,mode=755,inode64)
nsfs on /run/snapd/ns/snap-store.mnt type nsfs (rw)
zfs-dedup-on on /zfs-dedup-on type zfs (rw,xattr,noacl)
/home/akshat/vdbench/zfs-dedup-off on /zfs-dedup-off type zfs (rw,xattr,noacl)
Sunday 13 November 2022 11:40:55 PM IST
>>>>>memory
MemTotal:        4017752 kB
MemFree:         1229904 kB
MemAvailable:    2158676 kB
Buffers:           44404 kB
Cached:          1071656 kB
SwapCached:            0 kB
Active:           506980 kB
Inactive:        1463384 kB
Active(anon):       1396 kB
Inactive(anon):   868452 kB
Active(file):     505584 kB
Inactive(file):   594932 kB
Unevictable:           0 kB
Mlocked:               0 kB
SwapTotal:       2097148 kB
SwapFree:        2097148 kB
Dirty:               148 kB
Writeback:             0 kB
AnonPages:        854164 kB
Mapped:           347168 kB
Shmem:             25136 kB
KReclaimable:      61648 kB
Slab:             135672 kB
SReclaimable:      61648 kB
SUnreclaim:        74024 kB
KernelStack:        9984 kB
PageTables:        15020 kB
NFS_Unstable:          0 kB
Bounce:                0 kB
WritebackTmp:          0 kB
CommitLimit:     4106024 kB
Committed_AS:    4206984 kB
VmallocTotal:   34359738367 kB
VmallocUsed:      103256 kB
VmallocChunk:          0 kB
Percpu:             3040 kB
HardwareCorrupted:     0 kB
AnonHugePages:         0 kB
ShmemHugePages:        0 kB
ShmemPmdMapped:        0 kB
FileHugePages:         0 kB
FilePmdMapped:         0 kB
HugePages_Total:       0
HugePages_Free:        0
HugePages_Rsvd:        0
HugePages_Surp:        0
Hugepagesize:       2048 kB
Hugetlb:               0 kB
DirectMap4k:      198592 kB
DirectMap2M:     3995648 kB
              total        used        free      shared  buff/cache   available
Mem:        4017752     1610392     1229652       25136     1177708     2158424
Low:        4017752     2788100     1229652
High:             0           0           0
Swap:       2097148           0     2097148
Sunday 13 November 2022 11:40:55 PM IST
>>>>>ps -ef | grep -i vdb
root        7428    2493  0 23:40 pts/1    00:00:00 sudo ./vdbench -f dedup-workload anchor=/zfs-dedup-on
root        7429    7428  0 23:40 pts/1    00:00:00 /bin/bash ./vdbench -f dedup-workload anchor=/zfs-dedup-on
root        7431    7429 70 23:40 pts/1    00:00:00 java -client -Xmx512m -Xms64m -cp ./:./classes:./vdbench.jar Vdb.Vdbmain -f dedup-workload anchor=/zfs-dedup-on
root        7456    7431  0 23:40 pts/1    00:00:00 /bin/bash /home/akshat/vdbench/vdbench SlaveJvm -m localhost -n localhost-10-221113-23.40.54.987 -l localhost-0 -p 5570
root        7460    7456 44 23:40 pts/1    00:00:00 java -client -Xmx1024m -Xms128m -cp /home/akshat/vdbench/:/home/akshat/vdbench/classes:/home/akshat/vdbench/vdbench.jar Vdb.SlaveJvm SlaveJvm -m localhost -n localhost-10-221113-23.40.54.987 -l localhost-0 -p 5570
root        7500    7431  0 23:40 pts/1    00:00:00 /bin/bash /home/akshat/vdbench/linux/config.sh -o /home/akshat/vdbench/output localhost
root        7516    7500  0 23:40 pts/1    00:00:00 grep -i vdb

